 -Xms2G -Xmx4G -XX:PermSize=256m -XX:MaxPermSize=512m -XX:MaxDirectMemorySize=2048m
 
 Attaching to process ID 25385, please wait...
 Debugger attached successfully.
 Client compiler detected.
 JVM version is 24.79-b02
 
 using thread-local object allocation.
 Mark Sweep Compact GC
 
 Heap Configuration:
    MinHeapFreeRatio = 40
    MaxHeapFreeRatio = 70
    MaxHeapSize      = 100663296 (96.0MB)
    NewSize          = 1048576 (1.0MB)
    MaxNewSize       = 4294901760 (4095.9375MB)
    OldSize          = 4194304 (4.0MB)
    NewRatio         = 2
    SurvivorRatio    = 8
    PermSize         = 12582912 (12.0MB)
    MaxPermSize      = 67108864 (64.0MB)
    G1HeapRegionSize = 0 (0.0MB)
 
 Heap Usage:
 New Generation (Eden + 1 Survivor Space):
    capacity = 27000832 (25.75MB)
    used     = 8430120 (8.039588928222656MB)
    free     = 18570712 (17.710411071777344MB)
    31.221704575621967% used
 Eden Space:
    capacity = 24051712 (22.9375MB)
    used     = 7617664 (7.2647705078125MB)
    free     = 16434048 (15.6727294921875MB)
    31.67202401226158% used
 From Space:
    capacity = 2949120 (2.8125MB)
    used     = 812456 (0.7748184204101562MB)
    free     = 2136664 (2.0376815795898438MB)
    27.54909939236111% used
 To Space:
    capacity = 2949120 (2.8125MB)
    used     = 0 (0.0MB)
    free     = 2949120 (2.8125MB)
    0.0% used
 tenured generation:
    capacity = 59740160 (56.97265625MB)
    used     = 47709584 (45.49940490722656MB)
    free     = 12030576 (11.473251342773438MB)
    79.86182829105245% used
 Perm Generation:
    capacity = 43515904 (41.5MB)
    used     = 43295408 (41.28971862792969MB)
    free     = 220496 (0.2102813720703125MB)
    99.49329789862576% used
 
 25693 interned Strings occupying 2849248 bytes.